     1                                  bits 32 ; assembling for the 32 bits architecture
     2                                  
     3                                  ; declare the EntryPoint (a label defining the very first instruction of the program)
     4                                  global start        
     5                                  
     6                                  ; declare external functions needed by our program
     7                                  extern exit               ; tell nasm that exit exists even if we won't be defining it
     8                                  import exit msvcrt.dll    ; exit is a function that ends the calling process. It is defined in msvcrt.dll
     9                                                            ; msvcrt.dll contains exit, printf and all the other important C-runtime specific functions
    10                                  
    11                                  ; our data is declared here (the variables needed by our program)
    12                                  segment data use32 class=data
    13 00000000 0B                          a db  11
    14 00000001 03                          b db  3
    15 00000002 07                          d db  7
    16 00000003 02                          x db 2
    17                                  
    18                                  ; our code starts here
    19                                  segment code use32 class=code
    20                                      start:
    21 00000000 B800000000                      mov eax, 0
    22                                          
    23 00000005 A0[00000000]                    mov al, [a]
    24 0000000A 0205[01000000]                  add al, [b]
    25 00000010 F625[03000000]                  mul byte [x]
    26                                          
    27 00000016 8A1D[00000000]                  mov bl, [a]
    28 0000001C 021D[02000000]                  add bl, [d]
    29                                          
    30 00000022 F6F3                            div bl
    31                                      
    32                                          ; exit(0)
    33 00000024 6A00                            push    dword 0      ; push the parameter for exit onto the stack
    34 00000026 FF15[00000000]                  call    [exit]       ; call exit to terminate the program
