     1                                  bits 32 ; assembling for the 32 bits architecture
     2                                  
     3                                  ; declare the EntryPoint (a label defining the very first instruction of the program)
     4                                  global start        
     5                                  
     6                                  ; declare external functions needed by our program
     7                                  extern exit               ; tell nasm that exit exists even if we won't be defining it
     8                                  import exit msvcrt.dll    ; exit is a function that ends the calling process. It is defined in msvcrt.dll
     9                                                            ; msvcrt.dll contains exit, printf and all the other important C-runtime specific functions
    10                                  
    11                                  ; our data is declared here (the variables needed by our program)
    12                                  segment data use32 class=data
    13 00000000 05                          a db 5
    14 00000001 04                          b db 4
    15 00000002 03                          c db 3
    16 00000003 02                          d db 2   
    17                                  
    18                                  ; our code starts here
    19                                  segment code use32 class=code
    20                                      start:
    21 00000000 A0[00000000]                    mov al, [a]
    22 00000005 0205[01000000]                  add al, [b]
    23 0000000B 2A05[02000000]                  sub al, [c]
    24 00000011 0205[03000000]                  add al, [d]
    25                                      
    26                                          ; exit(0)
    27 00000017 6A00                            push    dword 0      ; push the parameter for exit onto the stack
    28 00000019 FF15[00000000]                  call    [exit]       ; call exit to terminate the program
